]0;/home/ghy/test/coursera-project-age/working/CS231]0;ghy@ghy-ThinkPad-T440: ~/test/coursera-project-age/working/CS231ghy@ghy-ThinkPad-T440:~/test/coursera-project-age/working/CS231$ [K]0;ghy@ghy-ThinkPad-T440: ~/test/coursera-project-age/working/CS231ghy@ghy-ThinkPad-T440:~/test/coursera-project-age/working/CS231$ git [K[K[K[Kgit init
Initialized empty Git repository in /home/ghy/test/coursera-project-age/working/CS231/.git/
]0;/home/ghy/test/coursera-project-age/working/CS231]0;ghy@ghy-ThinkPad-T440: ~/test/coursera-project-age/working/CS231ghy@ghy-ThinkPad-T440:~/test/coursera-project-age/working/CS231$ git add .
]0;/home/ghy/test/coursera-project-age/working/CS231]0;ghy@ghy-ThinkPad-T440: ~/test/coursera-project-age/working/CS231ghy@ghy-ThinkPad-T440:~/test/coursera-project-age/working/CS231$ git [K[K[K[Kgit commit -m " [Kfirst commit"
[master (root-commit) ae41e5d] first commit
 19 files changed, 156 insertions(+)
 create mode 100644 .Rproj.user/1506B92E/console06/18756B5
 create mode 100644 .Rproj.user/1506B92E/console06/INDEX001
 create mode 100644 .Rproj.user/1506B92E/sources/prop/33CDEA24
 create mode 100644 .Rproj.user/1506B92E/sources/prop/5695323
 create mode 100644 .Rproj.user/1506B92E/sources/prop/INDEX
 create mode 100644 .Rproj.user/1506B92E/sources/s-55703232/CA715466
 create mode 100644 .Rproj.user/1506B92E/sources/s-55703232/CA715466-contents
 create mode 100644 .Rproj.user/1506B92E/sources/s-55703232/CD73573B
 create mode 100644 .Rproj.user/1506B92E/sources/s-55703232/CD73573B-contents
 create mode 100644 .Rproj.user/1506B92E/sources/s-55703232/D67210D1
 create mode 100644 .Rproj.user/1506B92E/sources/s-55703232/D67210D1-contents
 create mode 100644 .Rproj.user/1506B92E/sources/s-55703232/lock_file
 create mode 100644 .Rproj.user/shared/notebooks/B3923C01-course-notes/1/1506B92E55703232/chunks.json
 create mode 100644 .Rproj.user/shared/notebooks/B3923C01-course-notes/1/s/chunks.json
 create mode 100644 .Rproj.user/shared/notebooks/patch-chunk-names
 create mode 100644 .Rproj.user/shared/notebooks/paths
 create mode 100644 CS231.Rproj
 create mode 100644 README.md
 create mode 100644 course-notes.Rmd
]0;/home/ghy/test/coursera-project-age/working/CS231]0;ghy@ghy-ThinkPad-T440: ~/test/coursera-project-age/working/CS231ghy@ghy-ThinkPad-T440:~/test/coursera-project-age/working/CS231$ git remote add orginan[K[K[K[K[Kigin git@github. com:HeyangGong/CS231.git
]0;/home/ghy/test/coursera-project-age/working/CS231]0;ghy@ghy-ThinkPad-T440: ~/test/coursera-project-age/working/CS231ghy@ghy-ThinkPad-T440:~/test/coursera-project-age/working/CS231$ git push -u origin master
Counting objects: 28, done.
Delta compression using up to 4 threads.
Compressing objects:   4% (1/24)   Compressing objects:   8% (2/24)   Compressing objects:  12% (3/24)   Compressing objects:  16% (4/24)   Compressing objects:  20% (5/24)   Compressing objects:  25% (6/24)   Compressing objects:  29% (7/24)   Compressing objects:  33% (8/24)   Compressing objects:  37% (9/24)   Compressing objects:  41% (10/24)   Compressing objects:  45% (11/24)   Compressing objects:  50% (12/24)   Compressing objects:  54% (13/24)   Compressing objects:  58% (14/24)   Compressing objects:  62% (15/24)   Compressing objects:  66% (16/24)   Compressing objects:  70% (17/24)   Compressing objects:  75% (18/24)   Compressing objects:  79% (19/24)   Compressing objects:  83% (20/24)   Compressing objects:  87% (21/24)   Compressing objects:  91% (22/24)   Compressing objects:  95% (23/24)   Compressing objects: 100% (24/24)   Compressing objects: 100% (24/24), done.
Writing objects:   3% (1/28)   Writing objects:   7% (2/28)   Writing objects:  10% (3/28)   Writing objects:  14% (4/28)   Writing objects:  17% (5/28)   Writing objects:  21% (6/28)   Writing objects:  25% (7/28)   Writing objects:  28% (8/28)   Writing objects:  32% (9/28)   Writing objects:  35% (10/28)   Writing objects:  39% (11/28)   Writing objects:  42% (12/28)   Writing objects:  46% (13/28)   Writing objects:  53% (15/28)   Writing objects:  57% (16/28)   Writing objects:  60% (17/28)   Writing objects:  64% (18/28)   Writing objects:  67% (19/28)   Writing objects:  71% (20/28)   Writing objects:  75% (21/28)   Writing objects:  78% (22/28)   Writing objects:  82% (23/28)   Writing objects:  85% (24/28)   Writing objects:  89% (25/28)   Writing objects:  92% (26/28)   Writing objects:  96% (27/28)   Writing objects: 100% (28/28)   Writing objects: 100% (28/28), 3.34 KiB | 0 bytes/s, done.
Total 28 (delta 3), reused 0 (delta 0)
remote: Resolving deltas:   0% (0/3)   [Kremote: Resolving deltas:  66% (2/3)   [Kremote: Resolving deltas: 100% (3/3)   [Kremote: Resolving deltas: 100% (3/3), done.[K
To git@github.com:HeyangGong/CS231.git
 * [new branch]      master -> master
Branch master set up to track remote branch master from origin.
]0;/home/ghy/test/coursera-project-age/working/CS231]0;ghy@ghy-ThinkPad-T440: ~/test/coursera-project-age/working/CS231ghy@ghy-ThinkPad-T440:~/test/coursera-project-age/working/CS231$ (i-search)`': [K]0;ghy@ghy-ThinkPad-T440: ~/test/coursera-project-age/working/CS231ghy@ghy-ThinkPad-T440:~/test/coursera-project-age/working/CS231$ git push -u origin masterremote add origin git@github.ccom:HeyangGong/CS231.git[A]0;ghy@ghy-ThinkPad-T440: ~/test/coursera-project-age/working/CS231ghy@ghy-ThinkPad-T440:~/test/coursera-project-age/working/CS231$ [C[C[C[C[5Pcommit -m "first commit"
[K[A[C[C[C[C[C[C[C[C[C[C[C[C[C[C[C[C[C[C[C[C[C[C[C[C[C[C[C[C[C[C[C[C[C[C[C[C[C[C[C[C[C[C[C[C[C[C[C[C[C[C[C[C[C[C[C[C[C[C[C[C[C[C[C[C[C[C[C[C[C[C[C[C[C[C[C[C[C[C[C[C[C[C[C[C[C[C[C[C[C[C[C[C[Cadd .[K[1Pinitadd .
]0;/home/ghy/test/coursera-project-age/working/CS231]0;ghy@ghy-ThinkPad-T440: ~/test/coursera-project-age/working/CS231ghy@ghy-ThinkPad-T440:~/test/coursera-project-age/working/CS231$ git add .push -u origin masterremote add origin git@github.ccom:HeyangGong/CS231.git[A]0;ghy@ghy-ThinkPad-T440: ~/test/coursera-project-age/working/CS231ghy@ghy-ThinkPad-T440:~/test/coursera-project-age/working/CS231$ [C[C[C[C[5Pcommit -m "first commit"
[K[A[C[C[C[C[C[C[C[C[C[C[C[C[C[C[C[C[C[C[C[C[C[C[C[C[C[C[C[C[C[C[C[C[C[C[C[C[C[C[C[C[C[C[C[C[C[C[C[C[C[C[C[C[C[C[C[C[C[C[C[C[C[C[C[C[C[C[C[C[C[C[C[C[C[C[C[C[C[C[C[C[C[C[C[C[C[C[C[C[C[C[C[C[C[C[1P"[1P"[1P"[1P"[1P"[1P"[1P"[1P"[1P"[1P"[1P"[1P"a""d""[1P""[1P""[1P"" ""[C[Ca"d"i"[1P"d"i"n"t" "[1P"[1P"g" "a"[1P"f"i"l"e" "[1P"s" "n"e"e"d" [A]0;ghy@ghy-ThinkPad-T440: ~/test/coursera-project-age/working/CS231ghy@ghy-ThinkPad-T440:~/test/coursera-project-age/working/CS231$ [C[C[C[C[C[C[C[C[C[C[C[C[C[C[C[C[C[C[C[C[C[C[C[C[C[C[C[C[C[C[C[C ""[A[C[C[C[C[C[C[C[C[C[C[C[C[C[C[C[C[C[C[C[C[C[C[C[C[C[C[C[C[C[C[C[C[C[C[C[C[C[C[C[C[C[C[C[C[C[C[C[C[C[C[C[C[C[C[C[C[C[C[C[C[C[C[C[C[C[C[C[C[C[C[C[C[C[C[C[C[C[C[C[C[C[C[C[C[C[C[C[C[C[C[C[C[C[C[C[C[C" [K[A[C[C[C[C[C[C[C[C[C[C[C[C[C[C[C[C[C[C[C[C[C[C[C[C[C[C[C[C[C[C[C[C[C[C[C[C[C[C[C[C[C[C[C[C[C[C[C[C[C[C[C[C[C[C[C[C[C[C[C[C[C[C[C[C[C[C[C[C[C[C[C[C[C[C[C[C[C[C[C[C[C[C[C[C[C[C[C[C[C[C[C[C[C[C[C[C[Ce""d" "f"o"r" "[1P"[1P"[1P"[1P"[1P"[1P"[A[C[C[C[C[C[C[C[C[C[C[C[C[C[C[C[C[C[C[C[C[C[C[C[C[C[C[C[C[C[C[C[C[C[C[C[C[C[C[C[C[C[C[C[C[C[C[C[C[C[C[C[C[C[C[C[C[C[C[C[C[C[C[C[C[C[C[C[C[C[C[C[C[C[C[C[C[C[C[C[C[C[C[C[C[C[C[C[C[C[C[C[C[C[C[C[C[C" [K[A[C[C[C[C[C[C[C[C[C[C[C[C[C[C[C[C[C[C[C[C[C[C[C[C[C[C[C[C[C[C[C[C[C[C[C[C[C[C[C[C[C[C[C[C[C[C[C[C[C[C[C[C[C[C[C[C[C[C[C[C[C[C[C[C[C[C[C[C[C[C[C[C[C[C[C[C[C[C[C[C[C[C[C[C[C[C[C[C[C[C[C[C[C[C[C[C[C[1P"
[K[A[C[C[C[C[C[C[C[C[C[C[C[C[C[C[C[C[C[C[C[C[C[C[C[C[C[C[C[C[C[C[C[C[C[C[C[C[C[C[C[C[C[C[C[C[C[C[C[C[C[C[C[C[C[C[C[C[C[C[C[C[C[C[C[C[C[C[C[C[C[C[C[C[C[C[C[C[C[C[C[C[C[C[C[C[C[C[C[C[C[C[C[C[C[C[C[C[1P"[1P"[1P"r"e"[1P"[1P"[1P"
[master a92d1db] adding files
 11 files changed, 72 insertions(+), 16 deletions(-)
 create mode 100644 .Rproj.user/1506B92E/sources/prop/2C9DC8AC
 create mode 100644 FAQ.md
]0;/home/ghy/test/coursera-project-age/working/CS231]0;ghy@ghy-ThinkPad-T440: ~/test/coursera-project-age/working/CS231ghy@ghy-ThinkPad-T440:~/test/coursera-project-age/working/CS231$ git commit -m "adding files"add .[Kcommit -m "adding files"add .[Kpush -u origin master
Counting objects: 19, done.
Delta compression using up to 4 threads.
Compressing objects:   5% (1/17)   Compressing objects:  11% (2/17)   Compressing objects:  17% (3/17)   Compressing objects:  23% (4/17)   Compressing objects:  29% (5/17)   Compressing objects:  35% (6/17)   Compressing objects:  41% (7/17)   Compressing objects:  47% (8/17)   Compressing objects:  52% (9/17)   Compressing objects:  58% (10/17)   Compressing objects:  64% (11/17)   Compressing objects:  70% (12/17)   Compressing objects:  76% (13/17)   Compressing objects:  82% (14/17)   Compressing objects:  88% (15/17)   Compressing objects:  94% (16/17)   Compressing objects: 100% (17/17)   Compressing objects: 100% (17/17), done.
Writing objects:   5% (1/19)   Writing objects:  10% (2/19)   Writing objects:  15% (3/19)   Writing objects:  21% (4/19)   Writing objects:  26% (5/19)   Writing objects:  31% (6/19)   Writing objects:  36% (7/19)   Writing objects:  42% (8/19)   Writing objects:  47% (9/19)   Writing objects:  52% (10/19)   Writing objects:  57% (11/19)   Writing objects:  63% (12/19)   Writing objects:  68% (13/19)   Writing objects:  73% (14/19)   Writing objects:  78% (15/19)   Writing objects:  84% (16/19)   Writing objects:  89% (17/19)   Writing objects:  94% (18/19)   Writing objects: 100% (19/19)   Writing objects: 100% (19/19), 2.80 KiB | 0 bytes/s, done.
Total 19 (delta 6), reused 0 (delta 0)
remote: Resolving deltas:   0% (0/6)   [Kremote: Resolving deltas:  16% (1/6)   [Kremote: Resolving deltas:  50% (3/6)   [Kremote: Resolving deltas:  66% (4/6)   [Kremote: Resolving deltas:  83% (5/6)   [Kremote: Resolving deltas: 100% (6/6)   [Kremote: Resolving deltas: 100% (6/6), completed with 5 local objects.[K
To git@github.com:HeyangGong/CS231.git
   ae41e5d..a92d1db  master -> master
Branch master set up to track remote branch master from origin.
]0;/home/ghy/test/coursera-project-age/working/CS231]0;ghy@ghy-ThinkPad-T440: ~/test/coursera-project-age/working/CS231ghy@ghy-ThinkPad-T440:~/test/coursera-project-age/working/CS231$ git add .
]0;/home/ghy/test/coursera-project-age/working/CS231]0;ghy@ghy-ThinkPad-T440: ~/test/coursera-project-age/working/CS231ghy@ghy-ThinkPad-T440:~/test/coursera-project-age/working/CS231$ g[Kgit add .[Kgit add .push -u origin mastercommit -m "adding files"
[master 6373013] adding files
 1 file changed, 19 insertions(+), 1 deletion(-)
]0;/home/ghy/test/coursera-project-age/working/CS231]0;ghy@ghy-ThinkPad-T440: ~/test/coursera-project-age/working/CS231ghy@ghy-ThinkPad-T440:~/test/coursera-project-age/working/CS231$ git commit -m "adding files"add .[Kpush -u origin mastercommit -m "adding files"[3Ppush -u origin master
Counting objects: 6, done.
Delta compression using up to 4 threads.
Compressing objects:  16% (1/6)   Compressing objects:  33% (2/6)   Compressing objects:  50% (3/6)   Compressing objects:  66% (4/6)   Compressing objects:  83% (5/6)   Compressing objects: 100% (6/6)   Compressing objects: 100% (6/6), done.
Writing objects:  16% (1/6)   Writing objects:  33% (2/6)   Writing objects:  50% (3/6)   Writing objects:  66% (4/6)   Writing objects:  83% (5/6)   Writing objects: 100% (6/6)   Writing objects: 100% (6/6), 1.15 KiB | 0 bytes/s, done.
Total 6 (delta 2), reused 0 (delta 0)
remote: Resolving deltas:   0% (0/2)   [Kremote: Resolving deltas:  50% (1/2)   [Kremote: Resolving deltas: 100% (2/2)   [Kremote: Resolving deltas: 100% (2/2), completed with 2 local objects.[K
To git@github.com:HeyangGong/CS231.git
   a92d1db..6373013  master -> master
Branch master set up to track remote branch master from origin.
]0;/home/ghy/test/coursera-project-age/working/CS231]0;ghy@ghy-ThinkPad-T440: ~/test/coursera-project-age/working/CS231ghy@ghy-ThinkPad-T440:~/test/coursera-project-age/working/CS231$ git push -u origin mastercommit -m "adding files"add .[K